// Jest Snapshot v1, https://goo.gl/fbAQLP

exports[`ProductCreatePage tests renders correctly 1`] = `
<div>
  <div />
  <div>
    <div />
    <header
      class="header"
    >
      <div
        class="navbar"
      >
        <div
          class="empty"
        />
        <a
          class="homeLink"
          href="/"
        >
          <h3
            class="title"
          >
            thrift store
          </h3>
        </a>
        <div
          class="links"
        >
          <button
            class="cancel"
          >
            cancel
          </button>
        </div>
      </div>
    </header>
  </div>
  <section
    class="section"
  >
    <div
      class="container"
    >
      <h3
        class="formTitle"
      >
        Select A Category
      </h3>
      <form
        class="form"
      >
        <div
          class="labelContainer"
        >
          <input
            class="radio"
            id="Books"
            name="Books"
            type="radio"
            value="Books"
          />
          <label
            class="categoryLabel"
            for="Books"
          >
            <p>
              Books
            </p>
          </label>
        </div>
        <div
          class="labelContainer"
        >
          <input
            class="radio"
            id="Electronics"
            name="Electronics"
            type="radio"
            value="Electronics"
          />
          <label
            class="categoryLabel"
            for="Electronics"
          >
            <p>
              Electronics
            </p>
          </label>
        </div>
        <div
          class="labelContainer"
        >
          <input
            class="radio"
            id="Tools"
            name="Tools"
            type="radio"
            value="Tools"
          />
          <label
            class="categoryLabel"
            for="Tools"
          >
            <p>
              Tools
            </p>
          </label>
        </div>
        <div
          class="labelContainer"
        >
          <input
            class="radio"
            id="Furnitures"
            name="Furnitures"
            type="radio"
            value="Furnitures"
          />
          <label
            class="categoryLabel"
            for="Furnitures"
          >
            <p>
              Furnitures
            </p>
          </label>
        </div>
        <div
          class="labelContainer"
        >
          <input
            class="radio"
            id="Entertainments"
            name="Entertainments"
            type="radio"
            value="Entertainments"
          />
          <label
            class="categoryLabel"
            for="Entertainments"
          >
            <p>
              Entertainments
            </p>
          </label>
        </div>
        <div
          class="labelContainer"
        >
          <input
            class="radio"
            id="Others"
            name="Others"
            type="radio"
            value="Others"
          />
          <label
            class="categoryLabel"
            for="Others"
          >
            <p>
              Others
            </p>
          </label>
        </div>
        <button
          class="submitButton"
        >
          Next
        </button>
      </form>
    </div>
  </section>
</div>
`;
