// Jest Snapshot v1, https://goo.gl/fbAQLP

exports[`CategoryItem tests renders correctly 1`] = `
<div>
  <div
    class="container"
  >
    <div
      aria-labelledby="dialog_label"
      aria-modal="true"
      class="dialogWrapper"
      role="dialog"
    >
      <button
        class="closeBtn"
      />
      <h3
        class="content"
      >
        message
      </h3>
      <button
        class="okBtn"
      >
        OK
      </button>
    </div>
  </div>
</div>
`;
